[2026-08-18T18:00:02.826Z] GET https://index.artificenyc.org/ → pending (?ms, ?B)
[2026-08-18T18:00:02.994Z] GET https://index.artificenyc.org/logo.png → 200 (96ms, 33344B)
[2026-08-18T18:00:02.994Z] GET https://index.artificenyc.org/logo.svg → 200 (90ms, 13472B)
[2026-08-18T18:00:02.994Z] GET https://index.artificenyc.org/logos/paypal-white.svg → 200 (97ms, 3438B)
[2026-08-18T18:00:02.994Z] GET https://index.artificenyc.org/logos/venmo-white.svg → 200 (97ms, 1231B)
[2026-08-18T18:00:02.994Z] GET https://index.artificenyc.org/cdn-cgi/scripts/5c5dd728/cloudflare-static/email-decode.min.js → 200 (21ms, 1239B)
[2026-08-18T18:00:02.994Z] GET https://index.artificenyc.org/app.js → 200 (97ms, 82291B)
[2026-08-18T18:00:02.994Z] GET https://static.cloudflareinsights.com/beacon.min.js/v4513226cdae34746b4dedf0b4dfa099e1781791509496 → 200 (164ms, 31612B)
[2026-08-18T18:00:02.996Z] GET https://www.clarity.ms/tag/wkninzi6jx → 200 (198ms, 707B)
[2026-08-18T18:00:03.007Z] GET https://index.artificenyc.org/fonts/FragmentMono-Regular.woff2 → 200 (97ms, 25344B)
[2026-08-18T18:00:03.092Z] GET https://index.artificenyc.org/arena-db.json → 200 (75ms, 21808B)
[2026-08-18T18:00:03.195Z] GET https://scripts.clarity.ms/0.8.69/clarity.js → 200 (156ms, 74499B)
[2026-08-18T18:00:03.202Z] GET https://index.artificenyc.org/wb-icon.png → 200 (36ms, 42467B)
[2026-08-18T18:00:03.202Z] GET https://index.artificenyc.org/bb-icon.png → 200 (38ms, 39153B)
[2026-08-18T18:00:03.212Z] GET https://index.artificenyc.org/covers/t/yiou-wang-antennae.jpg → 200 (52ms, 49845B)
[2026-08-18T18:00:03.212Z] GET https://index.artificenyc.org/covers/t/helen-yin-chen-koji-sensorium.jpg → 200 (42ms, 39716B)
[2026-08-18T18:00:03.212Z] GET https://index.artificenyc.org/covers/t/x-s-hou-sehmon-burnam-half-life-chimeras-iv-installation.jpg → 200 (62ms, 59093B)
[2026-08-18T18:00:03.212Z] GET https://index.artificenyc.org/covers/t/jungeun-park-crab.jpg → 200 (57ms, 44682B)
[2026-08-18T18:00:03.212Z] GET https://index.artificenyc.org/covers/t/jungeun-park-rice.jpg → 200 (60ms, 34001B)
[2026-08-18T18:00:03.212Z] GET https://index.artificenyc.org/covers/t/jungeun-park-bearing.jpg → 200 (65ms, 48870B)
[2026-08-18T18:00:03.212Z] GET https://index.artificenyc.org/covers/t/jungeun-park-time-erases.jpg → 200 (76ms, 42884B)
[2026-08-18T18:00:03.213Z] GET https://index.artificenyc.org/covers/t/jungeun-park-phospholipid.jpg → 200 (77ms, 18890B)
[2026-08-18T18:00:03.213Z] GET https://index.artificenyc.org/covers/t/danni-huang-lena-wang-luo-held-01.jpg → 200 (79ms, 40451B)
[2026-08-18T18:00:03.213Z] GET https://index.artificenyc.org/covers/t/testu-collective-listening-to-the-ether.jpg → 200 (83ms, 19188B)
[2026-08-18T18:00:03.213Z] GET https://index.artificenyc.org/covers/t/tammy-qiu-morphogenetic-epistemics.jpg → 200 (87ms, 34864B)
[2026-08-18T18:00:03.213Z] GET https://index.artificenyc.org/covers/t/tina-tarighian-demo-everyday-tina-zone.jpg → 200 (87ms, 55368B)
[2026-08-18T18:00:03.213Z] GET https://index.artificenyc.org/covers/t/armon-naeini-entrome.jpg → 200 (91ms, 55203B)
[2026-08-18T18:00:03.213Z] GET https://index.artificenyc.org/covers/t/ashley-zelinkse-wanderer.jpg → 200 (95ms, 42207B)
[2026-08-18T18:00:03.213Z] GET https://index.artificenyc.org/covers/t/tina-tarighian-spectacle-everyday-tina-zone.jpg → 200 (105ms, 30196B)
[2026-08-18T18:00:03.213Z] GET https://index.artificenyc.org/covers/t/tammy-qiu-shape-is-a-memory-of-process.jpg → 200 (106ms, 42790B)
[2026-08-18T18:00:03.213Z] GET https://index.artificenyc.org/covers/t/testu-collective-flux.jpg → 200 (108ms, 53764B)
[2026-08-18T18:00:03.213Z] GET https://index.artificenyc.org/covers/t/ohyung-taehee-yoonseul-iowa.jpg → 200 (108ms, 35858B)
[2026-08-18T18:00:03.213Z] GET https://index.artificenyc.org/covers/t/naz-mind-simulator.jpg → 200 (110ms, 31911B)
[2026-08-18T18:00:03.445Z] GET https://c.clarity.ms/c.gif → 302 (166ms, ?B)
[2026-08-18T18:00:03.446Z] POST https://index.artificenyc.org/cdn-cgi/rum? → 204 (22ms, ?B)
[2026-08-18T18:00:03.462Z] POST https://v.clarity.ms/collect → 204 (212ms, ?B)
[2026-08-18T18:00:03.611Z] GET https://c.bing.com/c.gif?ctsa=mr&CtsSyncId=9592F86DC0DB4DF88BA527110A32B693&RedC=c.clarity.ms&MXFR=33C8EDBAF1B36E7C0969FA03F5B36091 → 302 (105ms, ?B)
[2026-08-18T18:00:03.716Z] GET https://c.clarity.ms/c.gif?ctsa=mr&CtsSyncId=9592F86DC0DB4DF88BA527110A32B693&MUID=37FA8F72D3646EC6129398CBD2EB6F4A → 200 (31ms, 42B)
[2026-08-18T18:00:09.303Z] POST https://v.clarity.ms/collect → 204 (76ms, ?B)
